[html.templines.com/sokolcov/garden-master/home-2.html]
[backblue.gif]
[fade.gif]
[index.html]
[html.templines.com/sokolcov/garden-master/favicon.png]
[html.templines.com/sokolcov/garden-master/plugins/switcher/css/switcher.css]
[html.templines.com/sokolcov/garden-master/plugins/switcher/css/color1.css]
[html.templines.com/sokolcov/garden-master/plugins/switcher/css/color2.css]
[html.templines.com/sokolcov/garden-master/plugins/switcher/css/color3.css]
[html.templines.com/sokolcov/garden-master/plugins/switcher/css/color4.css]
[html.templines.com/sokolcov/garden-master/js/jquery-1.11.2.min.js]
[html.templines.com/sokolcov/garden-master/js/bootstrap.min.js]
[html.templines.com/sokolcov/garden-master/.html]
[html.templines.com/sokolcov/garden-master/home-1.html]
[html.templines.com/sokolcov/garden-master/home-3.html]
[html.templines.com/sokolcov/garden-master/about.html]
[html.templines.com/sokolcov/garden-master/shop-1.html]
[html.templines.com/sokolcov/garden-master/blog.html]
[html.templines.com/sokolcov/garden-master/contact-1.html]
[html.templines.com/sokolcov/garden-master/media/home-slider/slide-1.jpg]
[html.templines.com/sokolcov/garden-master/media/home-slider/slide-2.jpg]
[html.templines.com/sokolcov/garden-master/media/home-slider/slide-3.jpg]
[html.templines.com/sokolcov/garden-master/media/home/girl.png]
[html.templines.com/sokolcov/garden-master/media/400x300/pr-1.jpg]
[html.templines.com/sokolcov/garden-master/media/400x300/pr-2.jpg]
[html.templines.com/sokolcov/garden-master/media/400x300/pr-3.jpg]
[html.templines.com/sokolcov/garden-master/media/400x300/pr-4.jpg]
[html.templines.com/sokolcov/garden-master/media/76x76/image2.jpg]
[html.templines.com/sokolcov/garden-master/media/76x76/image1.jpg]
[html.templines.com/sokolcov/garden-master/blog-post.html]
[html.templines.com/sokolcov/garden-master/media/370x250/img-1.jpg]
[html.templines.com/sokolcov/garden-master/media/370x250/img-2.jpg]
[html.templines.com/sokolcov/garden-master/media/brands/brand-1.jpg]
[html.templines.com/sokolcov/garden-master/media/brands/brand-2.jpg]
[html.templines.com/sokolcov/garden-master/media/brands/brand-3.jpg]
[html.templines.com/sokolcov/garden-master/media/brands/brand-4.jpg]
[html.templines.com/sokolcov/garden-master/media/brands/brand-5.jpg]
[html.templines.com/sokolcov/garden-master/media/80x80/in1.jpg]
[html.templines.com/sokolcov/garden-master/media/80x80/in2.jpg]
[html.templines.com/sokolcov/garden-master/media/80x80/in3.jpg]
[html.templines.com/sokolcov/garden-master/media/80x80/in4.jpg]
[html.templines.com/sokolcov/garden-master/media/80x80/in5.jpg]
[html.templines.com/sokolcov/garden-master/media/80x80/in6.jpg]
[html.templines.com/sokolcov/garden-master/media/80x80/in7.jpg]
[html.templines.com/sokolcov/garden-master/media/80x80/in8.jpg]
[html.templines.com/sokolcov/garden-master/media/80x80/in9.jpg]
[html.templines.com/sokolcov/garden-master/plugins/switcher/js/bootstrap-select.js]
[html.templines.com/sokolcov/garden-master/plugins/switcher/js/evol.colorpicker.min.js]
[html.templines.com/sokolcov/garden-master/plugins/switcher/js/dmss.js]
[html.templines.com/sokolcov/garden-master/js/jquery-ui.min.js]
[html.templines.com/sokolcov/garden-master/js/modernizr.custom.js]
[html.templines.com/sokolcov/garden-master/js/smoothscroll.min.js]
[html.templines.com/sokolcov/garden-master/js/wow.min.js]
[html.templines.com/sokolcov/garden-master/plugins/owl-carousel/owl.carousel.min.js]
[html.templines.com/sokolcov/garden-master/plugins/ekko-lightbox/ekko-lightbox.min.js]
[html.templines.com/sokolcov/garden-master/js/waypoints.min.js]
[html.templines.com/sokolcov/garden-master/js/jquery.easypiechart.min.js]
[html.templines.com/sokolcov/garden-master/home-2.html]
[html.templines.com/sokolcov/garden-master/js/func.js]
[html.templines.com/sokolcov/garden-master/fonts/flaticon/flaticon.css]
[html.templines.com/sokolcov/garden-master/fonts/elegant_font/style.css]
[html.templines.com/sokolcov/garden-master/plugins/owl-carousel/owl.carousel.css]
[html.templines.com/sokolcov/garden-master/plugins/owl-carousel/owl.theme.css]
[html.templines.com/sokolcov/garden-master/plugins/owl-carousel/owl.transitions.css]
[html.templines.com/sokolcov/garden-master/css/bootstrap.min.css]
[html.templines.com/sokolcov/garden-master/css/jquery-ui.min.css]
[html.templines.com/sokolcov/garden-master/css/theme.css]
[html.templines.com/sokolcov/garden-master/css/typography.css]
[html.templines.com/sokolcov/garden-master/css/responsive.css]
[html.templines.com/sokolcov/garden-master/css/animate.css]
[html.templines.com/sokolcov/garden-master/css/hover-min.css]
[html.templines.com/sokolcov/garden-master/css/master.css]
[html.templines.com/sokolcov/garden-master/plugins/switcher/css/switcher.css]
[html.templines.com/sokolcov/garden-master/plugins/switcher/css/color1.css]
[html.templines.com/sokolcov/garden-master/plugins/switcher/css/color2.css]
[html.templines.com/sokolcov/garden-master/plugins/switcher/css/color3.css]
[html.templines.com/sokolcov/garden-master/plugins/switcher/css/color4.css]
[html.templines.com/sokolcov/garden-master/js/jquery-1.11.2.min.js]
[html.templines.com/sokolcov/garden-master/css/color.css]
[html.templines.com/sokolcov/garden-master/js/bootstrap.min.js]
[html.templines.com/sokolcov/garden-master/css/demo-page.css]
[html.templines.com/sokolcov/garden-master/media/paralax/demo.jpg]
[html.templines.com/sokolcov/garden-master/index.html]
[html.templines.com/sokolcov/garden-master/media/demo-page/demo-page-logo.png]
[html.templines.com/sokolcov/garden-master/media/demo-page/1.jpg]
[html.templines.com/sokolcov/garden-master/media/demo-page/2.jpg]
[html.templines.com/sokolcov/garden-master/media/demo-page/3.jpg]
[html.templines.com/sokolcov/garden-master/media/demo-page/4.jpg]
[html.templines.com/sokolcov/garden-master/media/demo-page/5.jpg]
[html.templines.com/sokolcov/garden-master/media/demo-page/6.jpg]
[html.templines.com/sokolcov/garden-master/shop-2.html]
[html.templines.com/sokolcov/garden-master/media/demo-page/7.jpg]
[html.templines.com/sokolcov/garden-master/media/demo-page/8.jpg]
[html.templines.com/sokolcov/garden-master/contact-2.html]
[html.templines.com/sokolcov/garden-master/media/demo-page/9.jpg]
[html.templines.com/sokolcov/garden-master/media/demo-page/10.jpg]
[html.templines.com/sokolcov/garden-master/doc.html]
[html.templines.com/sokolcov/garden-master/js/jquery.placeholder.min.js]
[html.templines.com/sokolcov/garden-master/.html]
[html.templines.com/sokolcov/garden-master/media/34x34/watering-can.png]
[html.templines.com/sokolcov/garden-master/media/34x34/haystack.png]
[html.templines.com/sokolcov/garden-master/media/34x34/tractor.png]
[html.templines.com/sokolcov/garden-master/media/34x34/pear.png]
[html.templines.com/sokolcov/garden-master/media/34x34/tap.png]
[html.templines.com/sokolcov/garden-master/media/home/men.png]
[html.templines.com/sokolcov/garden-master/media/400x300/pr-5.jpg]
[html.templines.com/sokolcov/garden-master/media/400x300/pr-6.jpg]
[html.templines.com/sokolcov/garden-master/media/400x300/pr-7.jpg]
[html.templines.com/sokolcov/garden-master/media/400x300/pr-8.jpg]
[html.templines.com/sokolcov/garden-master/media/370x230/img-4.jpg]
[html.templines.com/sokolcov/garden-master/media/370x230/img-5.jpg]
[html.templines.com/sokolcov/garden-master/media/370x230/img-6.jpg]
[html.templines.com/sokolcov/garden-master/home-1.html]
[html.templines.com/sokolcov/garden-master/media/store/product-2.jpg]
[html.templines.com/sokolcov/garden-master/media/store/product-1.jpg]
[html.templines.com/sokolcov/garden-master/media/store/product-8.jpg]
[html.templines.com/sokolcov/garden-master/media/store/product-3.jpg]
[html.templines.com/sokolcov/garden-master/media/370x320/img-1.jpg]
[html.templines.com/sokolcov/garden-master/media/370x320/img-2.jpg]
[html.templines.com/sokolcov/garden-master/media/370x320/img-3.jpg]
[html.templines.com/sokolcov/garden-master/media/store/product-7.jpg]
[html.templines.com/sokolcov/garden-master/media/store/product-4.jpg]
[html.templines.com/sokolcov/garden-master/media/store/product-5.jpg]
[html.templines.com/sokolcov/garden-master/home-3.html]
[html.templines.com/sokolcov/garden-master/media/370x230/img-1.jpg]
[html.templines.com/sokolcov/garden-master/media/370x230/img-2.jpg]
[html.templines.com/sokolcov/garden-master/media/370x230/img-3.jpg]
[html.templines.com/sokolcov/garden-master/about.html]
[html.templines.com/sokolcov/garden-master/media/store/product-6.jpg]
[html.templines.com/sokolcov/garden-master/media/store/product-9.jpg]
[html.templines.com/sokolcov/garden-master/media/270x300/banner-1.jpg]
[html.templines.com/sokolcov/garden-master/media/store/product-5-s.jpg]
[html.templines.com/sokolcov/garden-master/shop-1.html]
[html.templines.com/sokolcov/garden-master/media/850x400/post1-img.jpg]
[html.templines.com/sokolcov/garden-master/media/850x400/06_blog.jpg]
[html.templines.com/sokolcov/garden-master/media/850x400/post3-img.jpg]
[html.templines.com/sokolcov/garden-master/media/270x200/image1.jpg]
[html.templines.com/sokolcov/garden-master/media/270x200/image2.jpg]
[html.templines.com/sokolcov/garden-master/media/270x200/image3.jpg]
[html.templines.com/sokolcov/garden-master/media/blog-preview/img-video.jpg]
[html.templines.com/sokolcov/garden-master/media/blog-preview/img-video-2.jpg]
[html.templines.com/sokolcov/garden-master/media/220x150/img-1.jpg]
[html.templines.com/sokolcov/garden-master/media/220x150/img-2.jpg]
[html.templines.com/sokolcov/garden-master/media/220x150/img-3.jpg]
[html.templines.com/sokolcov/garden-master/media/220x150/img-4.jpg]
[html.templines.com/sokolcov/garden-master/media/220x150/img-5.jpg]
[html.templines.com/sokolcov/garden-master/blog.html]
[html.templines.com/sokolcov/garden-master/plugins/contact/jqBootstrapValidation.js]
[html.templines.com/sokolcov/garden-master/plugins/contact/contact_me.js]
[html.templines.com/sokolcov/garden-master/contact-1.html]
[html.templines.com/sokolcov/garden-master/media/850x460/07_blog-post.jpg]
[html.templines.com/sokolcov/garden-master/media/370x240/07_blog-post.jpg]
[html.templines.com/sokolcov/garden-master/media/76x76/image3.jpg]
[html.templines.com/sokolcov/garden-master/blog-post.html]
[html.templines.com/sokolcov/garden-master/plugins/switcher/js/bootstrap-select.js]
[html.templines.com/sokolcov/garden-master/plugins/switcher/js/evol.colorpicker.min.js]
[html.templines.com/sokolcov/garden-master/plugins/switcher/js/dmss.js]
[html.templines.com/sokolcov/garden-master/js/jquery-ui.min.js]
[html.templines.com/sokolcov/garden-master/js/modernizr.custom.js]
[html.templines.com/sokolcov/garden-master/js/smoothscroll.min.js]
[html.templines.com/sokolcov/garden-master/js/wow.min.js]
[html.templines.com/sokolcov/garden-master/plugins/owl-carousel/owl.carousel.min.js]
[html.templines.com/sokolcov/garden-master/plugins/ekko-lightbox/ekko-lightbox.min.js]
[html.templines.com/sokolcov/garden-master/js/waypoints.min.js]
[html.templines.com/sokolcov/garden-master/js/jquery.easypiechart.min.js]
[html.templines.com/sokolcov/garden-master/js/func.js]
[html.templines.com/sokolcov/garden-master/fonts/flaticon/flaticon.eot]
[html.templines.com/sokolcov/garden-master/fonts/flaticon/flaticon.woff]
[html.templines.com/sokolcov/garden-master/fonts/flaticon/flaticon.ttf]
[html.templines.com/sokolcov/garden-master/fonts/flaticon/flaticon.css]
[html.templines.com/sokolcov/garden-master/fonts/flaticon/flaticon.svg]
[html.templines.com/sokolcov/garden-master/fonts/elegant_font/ElegantIcons.eot]
[html.templines.com/sokolcov/garden-master/fonts/elegant_font/ElegantIcons.woff]
[html.templines.com/sokolcov/garden-master/fonts/elegant_font/ElegantIconsd41d.eot]
[html.templines.com/sokolcov/garden-master/fonts/elegant_font/ElegantIcons.ttf]
[html.templines.com/sokolcov/garden-master/fonts/elegant_font/ElegantIcons.svg]
[html.templines.com/sokolcov/garden-master/fonts/elegant_font/style.css]
[html.templines.com/sokolcov/garden-master/plugins/owl-carousel/grabbing.png]
[html.templines.com/sokolcov/garden-master/plugins/owl-carousel/owl.carousel.css]
[html.templines.com/sokolcov/garden-master/plugins/owl-carousel/AjaxLoader.gif]
[html.templines.com/sokolcov/garden-master/plugins/owl-carousel/owl.theme.css]
[html.templines.com/sokolcov/garden-master/plugins/owl-carousel/owl.transitions.css]
[html.templines.com/sokolcov/garden-master/plugins/ekko-lightbox/ekko-lightbox.min.css]
[html.templines.com/sokolcov/garden-master/css/bootstrap.min.css]
[html.templines.com/sokolcov/garden-master/css/jquery-ui.min.css]
[html.templines.com/sokolcov/garden-master/img/icons-s2890f6d08a.png]
[html.templines.com/sokolcov/garden-master/img/logo.png]
[html.templines.com/sokolcov/garden-master/img/dash.png]
[html.templines.com/sokolcov/garden-master/img/pattern.jpg]
[html.templines.com/sokolcov/garden-master/img/dotted-line.png]
[html.templines.com/sokolcov/garden-master/img/tooth-color-black.png]
[html.templines.com/sokolcov/garden-master/img/tooth-white.png]
[html.templines.com/sokolcov/garden-master/img/tooth-color-gr.png]
[html.templines.com/sokolcov/garden-master/img/tooth-color-w.png]
[html.templines.com/sokolcov/garden-master/img/tooth-d.png]
[html.templines.com/sokolcov/garden-master/img/dash-br.png]
[html.templines.com/sokolcov/garden-master/img/tools-bg.png]
[html.templines.com/sokolcov/garden-master/img/flower.png]
[html.templines.com/sokolcov/garden-master/img/tooth-gr-1.png]
[html.templines.com/sokolcov/garden-master/media/sections-bg/flower.png]
[html.templines.com/sokolcov/garden-master/img/sparrow.png]
[html.templines.com/sokolcov/garden-master/img/blocks-bg.jpg]
[html.templines.com/sokolcov/garden-master/img/logo-footer.png]
[html.templines.com/sokolcov/garden-master/img/tooth-black.png]
[html.templines.com/sokolcov/garden-master/media/paralax/store.jpg]
[html.templines.com/sokolcov/garden-master/img/arrow-select.png]
[html.templines.com/sokolcov/garden-master/media/paralax/blog-post.jpg]
[html.templines.com/sokolcov/garden-master/media/paralax/contact-us.jpg]
[html.templines.com/sokolcov/garden-master/media/paralax/about.jpg]
[html.templines.com/sokolcov/garden-master/css/theme.css]
[html.templines.com/sokolcov/garden-master/css/typography.css]
[html.templines.com/sokolcov/garden-master/css/responsive.css]
[html.templines.com/sokolcov/garden-master/css/animate.css]
[html.templines.com/sokolcov/garden-master/css/hover-min.css]
[html.templines.com/sokolcov/garden-master/css/custom.css]
[html.templines.com/sokolcov/garden-master/css/color.css]
[html.templines.com/sokolcov/garden-master/Popover requires tooltip.html]
[html.templines.com/sokolcov/garden-master/media/demo-page/mac.png]
[html.templines.com/sokolcov/garden-master/css/demo-page.css]
[html.templines.com/sokolcov/garden-master/index.html]
[html.templines.com/sokolcov/garden-master/media/store/product-6-b.jpg]
[html.templines.com/sokolcov/garden-master/shop-2.html]
[html.templines.com/sokolcov/garden-master/plugins/contact/contact_me_v2.js]
[html.templines.com/sokolcov/garden-master/contact-2.html]
[html.templines.com/sokolcov/garden-master/plugins/rainbow/css/github.css]
[html.templines.com/sokolcov/garden-master/plugins/rainbow/js/rainbow.js]
[html.templines.com/sokolcov/garden-master/plugins/rainbow/js/language/generic.js]
[html.templines.com/sokolcov/garden-master/plugins/rainbow/js/language/html.js]
[html.templines.com/sokolcov/garden-master/plugins/rainbow/js/language/css.js]
[html.templines.com/sokolcov/garden-master/plugins/rainbow/js/language/php.js]
[html.templines.com/sokolcov/garden-master/doc.html]
[html.templines.com/sokolcov/garden-master/plugins/rainbow/js/language/javascript.js]
[html.templines.com/sokolcov/garden-master/js/jquery.placeholder.min.js]
[html.templines.com/sokolcov/garden-master/plugins/contact/jqBootstrapValidation.js]
[html.templines.com/sokolcov/garden-master/plugins/contact/contact_me.js]
[html.templines.com/sokolcov/garden-master/fonts/flaticon/flaticon.svg]
[html.templines.com/sokolcov/garden-master/fonts/elegant_font/ElegantIcons.svg]
[html.templines.com/sokolcov/garden-master/fonts/glyphicons/glyphicons-halflings-regular.html]
[html.templines.com/sokolcov/garden-master/fonts/glyphicons/glyphicons-halflings-regulard41d.html]
[html.templines.com/sokolcov/garden-master/fonts/glyphicons/glyphicons-halflings-regular-2.html]
[html.templines.com/sokolcov/garden-master/fonts/glyphicons/glyphicons-halflings-regular-3.html]
[html.templines.com/sokolcov/garden-master/fonts/glyphicons/glyphicons-halflings-regular-4.html]
[html.templines.com/sokolcov/garden-master/fonts/glyphicons/glyphicons-halflings-regular-5.html]
[html.templines.com/sokolcov/garden-master/img/tooth-green.html]
[html.templines.com/sokolcov/garden-master/img/tooth-orange.html]
[html.templines.com/sokolcov/garden-master/plugins/contact/contact_me_v2.js]
[html.templines.com/sokolcov/garden-master/css/doc.css]
[html.templines.com/sokolcov/garden-master/media/paralax/paralaximg.html]
[html.templines.com/sokolcov/garden-master/media/doc/1.html]
[html.templines.com/sokolcov/garden-master/media/doc/2.html]
[html.templines.com/sokolcov/garden-master/plugins/rainbow/css/github.css]
[html.templines.com/sokolcov/garden-master/plugins/rainbow/js/rainbow.js]
[html.templines.com/sokolcov/garden-master/plugins/rainbow/js/language/generic.js]
[html.templines.com/sokolcov/garden-master/plugins/rainbow/js/language/html.js]
[html.templines.com/sokolcov/garden-master/plugins/rainbow/js/language/css.js]
[html.templines.com/sokolcov/garden-master/plugins/rainbow/js/language/php.js]
[html.templines.com/sokolcov/garden-master/plugins/rainbow/js/language/javascript.js]
